[0;34m[INFO][0m Starting Geth with EIP-8082 (Contract Event Subscription) support...

[0;34m[INFO][0m Configuration:
[0;34m[INFO][0m   - Chain ID: 1337
[0;34m[INFO][0m   - HTTP RPC: http://127.0.0.1:8545
[0;34m[INFO][0m   - WebSocket: ws://127.0.0.1:8546
[0;34m[INFO][0m   - Data Directory: ./dev-data
[0;34m[INFO][0m   - EIP-8082 Features:
[0;34m[INFO][0m     * SUBSCRIBE opcode (0xF8)
[0;34m[INFO][0m     * UNSUBSCRIBE opcode (0xF9)
[0;34m[INFO][0m     * NOTIFYSUBSCRIBERS opcode (0xFA)

[1;33m[WARNING][0m Data will persist in ./dev-data directory
[0;34m[INFO][0m Press Ctrl+C to stop the node

[0;32m[SUCCESS][0m Geth started successfully with PID: 88658
[0;34m[INFO][0m Node is ready for EIP-8082 contract deployment and testing
[0;34m[INFO][0m 
[0;34m[INFO][0m Useful commands:
[0;34m[INFO][0m   - Check accounts: eth.accounts
[0;34m[INFO][0m   - Get balance: web3.fromWei(eth.getBalance(eth.accounts[0]), 'ether')
[0;34m[INFO][0m   - Test EIP-8082: Deploy contracts using deploy-eip8082-contracts.sh

WARN [12-30|11:56:25.072] Unknown config environment variable      envvar=GETH_LOG
INFO [12-30|11:56:25.078] Maximum peer count                       ETH=0 total=0
WARN [12-30|11:56:25.079] Option --allow-insecure-unlock is deprecated and has no effect
WARN [12-30|11:56:25.080] The flag --mine is deprecated and will be removed
INFO [12-30|11:56:25.080] Enabling recording of key preimages since archive mode is used
WARN [12-30|11:56:25.080] Disabled transaction unindexing for archive node
INFO [12-30|11:56:25.081] Set global gas cap                       cap=50,000,000
INFO [12-30|11:56:25.120] Using developer account                  address=0x71562b71999873DB5b286dF957af199Ec94617F7
INFO [12-30|11:56:25.120] Using pebble as the backing database
INFO [12-30|11:56:25.120] Allocated cache and file handles         database=/Users/lucascullen/Github/bitcoinbrisbane/go-ethereum/dev-data/geth/chaindata cache=512.00MiB handles=5120
INFO [12-30|11:56:25.121] Opened ancient database                  database=/Users/lucascullen/Github/bitcoinbrisbane/go-ethereum/dev-data/geth/chaindata/ancient/chain readonly=true
INFO [12-30|11:56:25.121] Opened Era store                         datadir=/Users/lucascullen/Github/bitcoinbrisbane/go-ethereum/dev-data/geth/chaindata/ancient/chain/era
WARN [12-30|11:56:25.121] Setting network ID with command-line flag id=1337
INFO [12-30|11:56:25.121] Initializing the KZG library             backend=gokzg
INFO [12-30|11:56:25.122] Allocated trie memory caches             clean=154.00MiB dirty=256.00MiB
INFO [12-30|11:56:25.122] Using pebble as the backing database
INFO [12-30|11:56:25.122] Allocated cache and file handles         database=/Users/lucascullen/Github/bitcoinbrisbane/go-ethereum/dev-data/geth/chaindata cache=512.00MiB handles=5120
INFO [12-30|11:56:25.204] Opened ancient database                  database=/Users/lucascullen/Github/bitcoinbrisbane/go-ethereum/dev-data/geth/chaindata/ancient/chain readonly=false
INFO [12-30|11:56:25.204] Opened Era store                         datadir=/Users/lucascullen/Github/bitcoinbrisbane/go-ethereum/dev-data/geth/chaindata/ancient/chain/era
INFO [12-30|11:56:25.205] State scheme set to already existing     scheme=path
INFO [12-30|11:56:25.205] Initialising Ethereum protocol           network=1337 dbversion=9
INFO [12-30|11:56:25.205] Load database journal from file          path=/Users/lucascullen/Github/bitcoinbrisbane/go-ethereum/dev-data/geth/triedb/merkle.journal
INFO [12-30|11:56:25.210] Opened ancient database                  database=/Users/lucascullen/Github/bitcoinbrisbane/go-ethereum/dev-data/geth/chaindata/ancient/state readonly=false
INFO [12-30|11:56:25.210] Enabled state history indexing
INFO [12-30|11:56:25.210] Initialized path database                triecache=154.00MiB statecache=102.00MiB buffer=256.00MiB state-history="last 90000 blocks" index-history=true journal-dir=/Users/lucascullen/Github/bitcoinbrisbane/go-ethereum/dev-data/geth/triedb
INFO [12-30|11:56:25.210] 
INFO [12-30|11:56:25.210] ---------------------------------------------------------------------------------------------------------------------------------------------------------
INFO [12-30|11:56:25.210] Histories have been fully indexed        type=state last=1
INFO [12-30|11:56:25.210] Chain ID:  1337 (unknown)
INFO [12-30|11:56:25.210] Consensus: unknown
INFO [12-30|11:56:25.210] 
INFO [12-30|11:56:25.210] Pre-Merge hard forks (block based):
INFO [12-30|11:56:25.210]  - Homestead:                   #0       
INFO [12-30|11:56:25.210]  - Tangerine Whistle (EIP 150): #0       
INFO [12-30|11:56:25.210]  - Spurious Dragon/1 (EIP 155): #0       
INFO [12-30|11:56:25.210]  - Spurious Dragon/2 (EIP 158): #0       
INFO [12-30|11:56:25.210]  - Byzantium:                   #0       
INFO [12-30|11:56:25.210]  - Constantinople:              #0       
INFO [12-30|11:56:25.210]  - Petersburg:                  #0       
INFO [12-30|11:56:25.210]  - Istanbul:                    #0       
INFO [12-30|11:56:25.210]  - Muir Glacier:                #0       
INFO [12-30|11:56:25.210]  - Berlin:                      #0       
INFO [12-30|11:56:25.210]  - London:                      #0       
INFO [12-30|11:56:25.210]  - Arrow Glacier:               #0       
INFO [12-30|11:56:25.210]  - Gray Glacier:                #0       
INFO [12-30|11:56:25.210] 
INFO [12-30|11:56:25.210] Merge configured:
INFO [12-30|11:56:25.210]  - Total terminal difficulty:  0
INFO [12-30|11:56:25.210] 
INFO [12-30|11:56:25.210] Post-Merge hard forks (timestamp based):
INFO [12-30|11:56:25.210]  - Shanghai:                    @0         
INFO [12-30|11:56:25.210]  - Cancun:                      @0          blob: (target: 3, max: 6, fraction: 3338477)
INFO [12-30|11:56:25.210]  - Prague:                      @0          blob: (target: 6, max: 9, fraction: 5007716)
INFO [12-30|11:56:25.210]  - Osaka:                       @0          blob: (target: 6, max: 9, fraction: 5007716)
INFO [12-30|11:56:25.210] 
INFO [12-30|11:56:25.210] All fork specifications can be found at https://ethereum.github.io/execution-specs/src/ethereum/forks/
INFO [12-30|11:56:25.210] 
INFO [12-30|11:56:25.210] ---------------------------------------------------------------------------------------------------------------------------------------------------------
INFO [12-30|11:56:25.210] 
INFO [12-30|11:56:25.210] Loaded most recent local block           number=4 hash=00252d..d663d3 age=6s
INFO [12-30|11:56:25.210] Loaded most recent local finalized block number=0 hash=fa742c..504fec age=56y9mo3w
INFO [12-30|11:56:25.210] Initialized transaction indexer          range="entire chain"
INFO [12-30|11:56:25.210] Initialized log indexer                  firstblock=0 lastblock=4 firstmap=0 lastmap=0 headindexed=true
INFO [12-30|11:56:25.218] Enabled full-sync                        head=4 hash=00252d..d663d3
INFO [12-30|11:56:25.218] Gasprice oracle is ignoring threshold set threshold=2
INFO [12-30|11:56:25.219] Registered sync override service
WARN [12-30|11:56:25.219] You are running Geth in --dev mode. Please note the following:
WARN [12-30|11:56:25.219] 
WARN [12-30|11:56:25.219]   1. This mode is only intended for fast, iterative development without assumptions on
WARN [12-30|11:56:25.219]      security or persistence.
WARN [12-30|11:56:25.219]   2. The database is created in memory unless specified otherwise. Therefore, shutting down
WARN [12-30|11:56:25.219]      your computer or losing power will wipe your entire block data and chain state for
WARN [12-30|11:56:25.219]      your dev environment.
WARN [12-30|11:56:25.219]   3. A random, pre-allocated developer account will be available and unlocked as
WARN [12-30|11:56:25.219]      eth.coinbase, which can be used for testing. The random dev account is temporary,
WARN [12-30|11:56:25.219]      stored on a ramdisk, and will be lost if your machine is restarted.
WARN [12-30|11:56:25.219]   4. Mining is enabled by default. However, the client will only seal blocks if transactions
WARN [12-30|11:56:25.219]      are pending in the mempool. The miner's minimum accepted gas price is 1.
WARN [12-30|11:56:25.219]   5. Networking is disabled; there is no listen-address, the maximum number of peers is set
WARN [12-30|11:56:25.219]      to 0, and discovery is disabled.
WARN [12-30|11:56:25.219] 
INFO [12-30|11:56:25.219] Starting peer-to-peer node               instance=Geth/v1.16.8-unstable-ef967a2a-20251230/darwin-arm64/go1.25.5
WARN [12-30|11:56:25.219] P2P server will be useless, neither dialing nor listening
INFO [12-30|11:56:25.245] IPC endpoint opened                      url=/Users/lucascullen/Github/bitcoinbrisbane/go-ethereum/dev-data/geth.ipc
ERROR[12-30|11:56:25.245] Unavailable modules in HTTP API list     unavailable=[personal] available="[admin debug web3 eth txpool miner net dev]"
ERROR[12-30|11:56:25.246] Unavailable modules in HTTP API list     unavailable=[personal] available="[admin debug web3 eth txpool miner net dev]"
INFO [12-30|11:56:25.246] HTTP server started                      endpoint=[::]:8545 auth=false prefix= cors=* vhosts=*
INFO [12-30|11:56:25.246] WebSocket enabled                        url=ws://[::]:8546
INFO [12-30|11:56:25.246] Loaded local transaction journal         transactions=0 dropped=0
INFO [12-30|11:56:25.246] New local node record                    seq=1,767,059,759,636 id=387ada507609db26 ip=127.0.0.1 udp=0 tcp=0
INFO [12-30|11:56:25.246] Started P2P networking                   self=enode://ef2a824045860ec96872e9afcb0e6db6db4e20960391b06d31ab57cf6b94def3672b9c2a570485f2863241f48353700b3eadb919780a063a58b5f042c8f8c430@127.0.0.1:0
INFO [12-30|11:56:25.399] Started log indexer
INFO [12-30|11:56:25.401] Starting work on payload                 id=0x035db95eacd26638
INFO [12-30|11:56:25.401] Updated payload                          id=0x035db95eacd26638 number=5 hash=a69c14..f86e60 txs=0 withdrawals=0 gas=0 fees=0 root=f868e6..75b210 elapsed="90.875µs"
INFO [12-30|11:56:25.401] Stopping work on payload                 id=0x035db95eacd26638 reason=delivery
INFO [12-30|11:56:25.401] Imported new potential chain segment     number=5 hash=a69c14..f86e60 blocks=1 txs=0 mgas=0.000 elapsed="222.168µs" mgasps=0.000 triediffs=6.89KiB triedirty=0.00B
INFO [12-30|11:56:25.401] Chain head was updated                   number=5 hash=a69c14..f86e60 root=f868e6..75b210 elapsed="24.666µs"
INFO [12-30|11:56:26.404] Starting work on payload                 id=0x03e9743c0c8da71b
INFO [12-30|11:56:26.404] Updated payload                          id=0x03e9743c0c8da71b number=6 hash=d7a991..9fe7e2 txs=0 withdrawals=0 gas=0 fees=0 root=e538c2..f1aee0 elapsed="136.917µs"
INFO [12-30|11:56:26.404] Stopping work on payload                 id=0x03e9743c0c8da71b reason=delivery
INFO [12-30|11:56:26.404] Imported new potential chain segment     number=6 hash=d7a991..9fe7e2 blocks=1 txs=0 mgas=0.000 elapsed="211.418µs" mgasps=0.000 triediffs=8.94KiB triedirty=0.00B
INFO [12-30|11:56:26.404] Chain head was updated                   number=6 hash=d7a991..9fe7e2 root=e538c2..f1aee0 elapsed="20.042µs"
INFO [12-30|11:56:27.406] Starting work on payload                 id=0x035e3aaa2265c897
INFO [12-30|11:56:27.406] Updated payload                          id=0x035e3aaa2265c897 number=7 hash=140dce..b783c1 txs=0 withdrawals=0 gas=0 fees=0 root=5bb3f8..54c4e3 elapsed="99.084µs"
INFO [12-30|11:56:27.406] Stopping work on payload                 id=0x035e3aaa2265c897 reason=delivery
INFO [12-30|11:56:27.406] Imported new potential chain segment     number=7 hash=140dce..b783c1 blocks=1 txs=0 mgas=0.000 elapsed="173.834µs" mgasps=0.000 triediffs=11.06KiB triedirty=0.00B
INFO [12-30|11:56:27.406] Chain head was updated                   number=7 hash=140dce..b783c1 root=5bb3f8..54c4e3 elapsed="18.208µs"
[0;34m[INFO][0m Shutting down Geth...
INFO [12-30|11:56:28.071] Got interrupt, shutting down...
INFO [12-30|11:56:28.071] HTTP server stopped                      endpoint=[::]:8545
INFO [12-30|11:56:28.071] HTTP server stopped                      endpoint=[::]:8546
INFO [12-30|11:56:28.071] IPC endpoint closed                      url=/Users/lucascullen/Github/bitcoinbrisbane/go-ethereum/dev-data/geth.ipc
INFO [12-30|11:56:28.071] Ethereum protocol stopped
INFO [12-30|11:56:28.071] Transaction pool stopped
INFO [12-30|11:56:28.077] Persisting dirty state                   head=7 root=5bb3f8..54c4e3 layers=7
INFO [12-30|11:56:28.117] Persisted dirty state to file            path=/Users/lucascullen/Github/bitcoinbrisbane/go-ethereum/dev-data/geth/triedb/merkle.journal size=14.21KiB elapsed=39.486ms
INFO [12-30|11:56:28.151] Blockchain stopped
