[0;34m[INFO][0m Starting Geth with EIP-8082 (Contract Event Subscription) support...

[0;34m[INFO][0m Configuration:
[0;34m[INFO][0m   - Chain ID: 1337
[0;34m[INFO][0m   - HTTP RPC: http://127.0.0.1:8545
[0;34m[INFO][0m   - WebSocket: ws://127.0.0.1:8546
[0;34m[INFO][0m   - Data Directory: ./dev-data
[0;34m[INFO][0m   - EIP-8082 Features:
[0;34m[INFO][0m     * SUBSCRIBE opcode (0xF8)
[0;34m[INFO][0m     * UNSUBSCRIBE opcode (0xF9)
[0;34m[INFO][0m     * NOTIFYSUBSCRIBERS opcode (0xFA)

[1;33m[WARNING][0m Data will persist in ./dev-data directory
[0;34m[INFO][0m Press Ctrl+C to stop the node

[0;32m[SUCCESS][0m Geth started successfully with PID: 88875
[0;34m[INFO][0m Node is ready for EIP-8082 contract deployment and testing
[0;34m[INFO][0m 
[0;34m[INFO][0m Useful commands:
[0;34m[INFO][0m   - Check accounts: eth.accounts
[0;34m[INFO][0m   - Get balance: web3.fromWei(eth.getBalance(eth.accounts[0]), 'ether')
[0;34m[INFO][0m   - Test EIP-8082: Deploy contracts using deploy-eip8082-contracts.sh

WARN [12-30|11:57:52.799] Unknown config environment variable      envvar=GETH_LOG
INFO [12-30|11:57:52.805] Maximum peer count                       ETH=0 total=0
WARN [12-30|11:57:52.806] Option --allow-insecure-unlock is deprecated and has no effect
WARN [12-30|11:57:52.807] The flag --mine is deprecated and will be removed
INFO [12-30|11:57:52.807] Enabling recording of key preimages since archive mode is used
WARN [12-30|11:57:52.807] Disabled transaction unindexing for archive node
INFO [12-30|11:57:52.808] Set global gas cap                       cap=50,000,000
INFO [12-30|11:57:52.847] Using developer account                  address=0x71562b71999873DB5b286dF957af199Ec94617F7
INFO [12-30|11:57:52.847] Using pebble as the backing database
INFO [12-30|11:57:52.847] Allocated cache and file handles         database=/Users/lucascullen/Github/bitcoinbrisbane/go-ethereum/dev-data/geth/chaindata cache=512.00MiB handles=5120
INFO [12-30|11:57:52.847] Opened ancient database                  database=/Users/lucascullen/Github/bitcoinbrisbane/go-ethereum/dev-data/geth/chaindata/ancient/chain readonly=true
INFO [12-30|11:57:52.847] Opened Era store                         datadir=/Users/lucascullen/Github/bitcoinbrisbane/go-ethereum/dev-data/geth/chaindata/ancient/chain/era
WARN [12-30|11:57:52.848] Setting network ID with command-line flag id=1337
INFO [12-30|11:57:52.848] Initializing the KZG library             backend=gokzg
INFO [12-30|11:57:52.848] Allocated trie memory caches             clean=154.00MiB dirty=256.00MiB
INFO [12-30|11:57:52.848] Using pebble as the backing database
INFO [12-30|11:57:52.848] Allocated cache and file handles         database=/Users/lucascullen/Github/bitcoinbrisbane/go-ethereum/dev-data/geth/chaindata cache=512.00MiB handles=5120
INFO [12-30|11:57:52.921] Opened ancient database                  database=/Users/lucascullen/Github/bitcoinbrisbane/go-ethereum/dev-data/geth/chaindata/ancient/chain readonly=false
INFO [12-30|11:57:52.921] Opened Era store                         datadir=/Users/lucascullen/Github/bitcoinbrisbane/go-ethereum/dev-data/geth/chaindata/ancient/chain/era
INFO [12-30|11:57:52.921] State scheme set to already existing     scheme=path
INFO [12-30|11:57:52.921] Initialising Ethereum protocol           network=1337 dbversion=9
INFO [12-30|11:57:52.922] Load database journal from file          path=/Users/lucascullen/Github/bitcoinbrisbane/go-ethereum/dev-data/geth/triedb/merkle.journal
INFO [12-30|11:57:52.927] Opened ancient database                  database=/Users/lucascullen/Github/bitcoinbrisbane/go-ethereum/dev-data/geth/chaindata/ancient/state readonly=false
INFO [12-30|11:57:52.927] Enabled state history indexing
INFO [12-30|11:57:52.927] Initialized path database                triecache=154.00MiB statecache=102.00MiB buffer=256.00MiB state-history="last 90000 blocks" index-history=true journal-dir=/Users/lucascullen/Github/bitcoinbrisbane/go-ethereum/dev-data/geth/triedb
INFO [12-30|11:57:52.927] 
INFO [12-30|11:57:52.927] ---------------------------------------------------------------------------------------------------------------------------------------------------------
INFO [12-30|11:57:52.927] Histories have been fully indexed        type=state last=1
INFO [12-30|11:57:52.927] Chain ID:  1337 (unknown)
INFO [12-30|11:57:52.927] Consensus: unknown
INFO [12-30|11:57:52.927] 
INFO [12-30|11:57:52.927] Pre-Merge hard forks (block based):
INFO [12-30|11:57:52.927]  - Homestead:                   #0       
INFO [12-30|11:57:52.927]  - Tangerine Whistle (EIP 150): #0       
INFO [12-30|11:57:52.927]  - Spurious Dragon/1 (EIP 155): #0       
INFO [12-30|11:57:52.927]  - Spurious Dragon/2 (EIP 158): #0       
INFO [12-30|11:57:52.927]  - Byzantium:                   #0       
INFO [12-30|11:57:52.927]  - Constantinople:              #0       
INFO [12-30|11:57:52.927]  - Petersburg:                  #0       
INFO [12-30|11:57:52.927]  - Istanbul:                    #0       
INFO [12-30|11:57:52.927]  - Muir Glacier:                #0       
INFO [12-30|11:57:52.927]  - Berlin:                      #0       
INFO [12-30|11:57:52.927]  - London:                      #0       
INFO [12-30|11:57:52.927]  - Arrow Glacier:               #0       
INFO [12-30|11:57:52.927]  - Gray Glacier:                #0       
INFO [12-30|11:57:52.927] 
INFO [12-30|11:57:52.927] Merge configured:
INFO [12-30|11:57:52.927]  - Total terminal difficulty:  0
INFO [12-30|11:57:52.927] 
INFO [12-30|11:57:52.927] Post-Merge hard forks (timestamp based):
INFO [12-30|11:57:52.927]  - Shanghai:                    @0         
INFO [12-30|11:57:52.927]  - Cancun:                      @0          blob: (target: 3, max: 6, fraction: 3338477)
INFO [12-30|11:57:52.927]  - Prague:                      @0          blob: (target: 6, max: 9, fraction: 5007716)
INFO [12-30|11:57:52.927]  - Osaka:                       @0          blob: (target: 6, max: 9, fraction: 5007716)
INFO [12-30|11:57:52.927] 
INFO [12-30|11:57:52.927] All fork specifications can be found at https://ethereum.github.io/execution-specs/src/ethereum/forks/
INFO [12-30|11:57:52.927] 
INFO [12-30|11:57:52.927] ---------------------------------------------------------------------------------------------------------------------------------------------------------
INFO [12-30|11:57:52.927] 
INFO [12-30|11:57:52.927] Loaded most recent local block           number=10 hash=e7d99e..275ad2 age=27s
INFO [12-30|11:57:52.927] Loaded most recent local finalized block number=0  hash=fa742c..504fec age=56y9mo3w
INFO [12-30|11:57:52.927] Initialized transaction indexer          range="entire chain"
INFO [12-30|11:57:52.927] Initialized log indexer                  firstblock=0 lastblock=10 firstmap=0 lastmap=0 headindexed=true
INFO [12-30|11:57:52.936] Enabled full-sync                        head=10 hash=e7d99e..275ad2
INFO [12-30|11:57:52.936] Gasprice oracle is ignoring threshold set threshold=2
INFO [12-30|11:57:52.936] Registered sync override service
WARN [12-30|11:57:52.936] You are running Geth in --dev mode. Please note the following:
WARN [12-30|11:57:52.936] 
WARN [12-30|11:57:52.936]   1. This mode is only intended for fast, iterative development without assumptions on
WARN [12-30|11:57:52.936]      security or persistence.
WARN [12-30|11:57:52.936]   2. The database is created in memory unless specified otherwise. Therefore, shutting down
WARN [12-30|11:57:52.936]      your computer or losing power will wipe your entire block data and chain state for
WARN [12-30|11:57:52.936]      your dev environment.
WARN [12-30|11:57:52.936]   3. A random, pre-allocated developer account will be available and unlocked as
WARN [12-30|11:57:52.936]      eth.coinbase, which can be used for testing. The random dev account is temporary,
WARN [12-30|11:57:52.936]      stored on a ramdisk, and will be lost if your machine is restarted.
WARN [12-30|11:57:52.936]   4. Mining is enabled by default. However, the client will only seal blocks if transactions
WARN [12-30|11:57:52.936]      are pending in the mempool. The miner's minimum accepted gas price is 1.
WARN [12-30|11:57:52.936]   5. Networking is disabled; there is no listen-address, the maximum number of peers is set
WARN [12-30|11:57:52.936]      to 0, and discovery is disabled.
WARN [12-30|11:57:52.936] 
INFO [12-30|11:57:52.936] Starting peer-to-peer node               instance=Geth/v1.16.8-unstable-ef967a2a-20251230/darwin-arm64/go1.25.5
WARN [12-30|11:57:52.936] P2P server will be useless, neither dialing nor listening
INFO [12-30|11:57:52.963] IPC endpoint opened                      url=/Users/lucascullen/Github/bitcoinbrisbane/go-ethereum/dev-data/geth.ipc
ERROR[12-30|11:57:52.963] Unavailable modules in HTTP API list     unavailable=[personal] available="[admin debug web3 eth txpool miner net dev]"
ERROR[12-30|11:57:52.963] Unavailable modules in HTTP API list     unavailable=[personal] available="[admin debug web3 eth txpool miner net dev]"
INFO [12-30|11:57:52.963] HTTP server started                      endpoint=[::]:8545 auth=false prefix= cors=* vhosts=*
INFO [12-30|11:57:52.963] WebSocket enabled                        url=ws://[::]:8546
INFO [12-30|11:57:52.967] Loaded local transaction journal         transactions=0 dropped=0
INFO [12-30|11:57:52.972] New local node record                    seq=1,767,059,759,638 id=387ada507609db26 ip=127.0.0.1 udp=0 tcp=0
INFO [12-30|11:57:52.973] Started P2P networking                   self=enode://ef2a824045860ec96872e9afcb0e6db6db4e20960391b06d31ab57cf6b94def3672b9c2a570485f2863241f48353700b3eadb919780a063a58b5f042c8f8c430@127.0.0.1:0
INFO [12-30|11:57:53.122] Started log indexer
INFO [12-30|11:57:53.123] Starting work on payload                 id=0x03c6ee30dcff98f3
INFO [12-30|11:57:53.123] Updated payload                          id=0x03c6ee30dcff98f3 number=11 hash=0e86e5..cbc3aa txs=0 withdrawals=0 gas=0 fees=0 root=5c6cbe..be7db9 elapsed="107.459µs"
INFO [12-30|11:57:53.123] Stopping work on payload                 id=0x03c6ee30dcff98f3 reason=delivery
INFO [12-30|11:57:53.123] Imported new potential chain segment     number=11 hash=0e86e5..cbc3aa blocks=1 txs=0 mgas=0.000 elapsed="227.709µs" mgasps=0.000 triediffs=16.50KiB triedirty=0.00B
INFO [12-30|11:57:53.123] Chain head was updated                   number=11 hash=0e86e5..cbc3aa root=5c6cbe..be7db9 elapsed="25.916µs"
INFO [12-30|11:57:54.125] Starting work on payload                 id=0x0397e62e2248b42b
INFO [12-30|11:57:54.125] Updated payload                          id=0x0397e62e2248b42b number=12 hash=14f2bb..e8c922 txs=0 withdrawals=0 gas=0 fees=0 root=ef087d..13914b elapsed="172.042µs"
INFO [12-30|11:57:54.125] Stopping work on payload                 id=0x0397e62e2248b42b reason=delivery
INFO [12-30|11:57:54.125] Imported new potential chain segment     number=12 hash=14f2bb..e8c922 blocks=1 txs=0 mgas=0.000 elapsed="230.584µs" mgasps=0.000 triediffs=18.98KiB triedirty=0.00B
INFO [12-30|11:57:54.126] Chain head was updated                   number=12 hash=14f2bb..e8c922 root=ef087d..13914b elapsed="22.333µs"
INFO [12-30|11:57:55.127] Starting work on payload                 id=0x03d87999193320e0
INFO [12-30|11:57:55.127] Updated payload                          id=0x03d87999193320e0 number=13 hash=60d440..8281ac txs=0 withdrawals=0 gas=0 fees=0 root=3385bb..34fe36 elapsed="109.084µs"
INFO [12-30|11:57:55.127] Stopping work on payload                 id=0x03d87999193320e0 reason=delivery
INFO [12-30|11:57:55.127] Imported new potential chain segment     number=13 hash=60d440..8281ac blocks=1 txs=0 mgas=0.000 elapsed="215.501µs" mgasps=0.000 triediffs=21.32KiB triedirty=0.00B
INFO [12-30|11:57:55.127] Chain head was updated                   number=13 hash=60d440..8281ac root=3385bb..34fe36 elapsed="18.292µs"
INFO [12-30|11:57:56.129] Starting work on payload                 id=0x03aabc5dfeda06b0
INFO [12-30|11:57:56.129] Updated payload                          id=0x03aabc5dfeda06b0 number=14 hash=2264c8..ba0c4d txs=0 withdrawals=0 gas=0 fees=0 root=701f86..634b04 elapsed="127.625µs"
INFO [12-30|11:57:56.129] Stopping work on payload                 id=0x03aabc5dfeda06b0 reason=delivery
INFO [12-30|11:57:56.129] Imported new potential chain segment     number=14 hash=2264c8..ba0c4d blocks=1 txs=0 mgas=0.000 elapsed="221.959µs" mgasps=0.000 triediffs=23.90KiB triedirty=0.00B
INFO [12-30|11:57:56.129] Chain head was updated                   number=14 hash=2264c8..ba0c4d root=701f86..634b04 elapsed="15.958µs"
INFO [12-30|11:57:57.131] Starting work on payload                 id=0x03b574e790dbea28
INFO [12-30|11:57:57.131] Updated payload                          id=0x03b574e790dbea28 number=15 hash=250fe8..a8ead2 txs=0 withdrawals=0 gas=0 fees=0 root=83ebfe..bbe49d elapsed="124.209µs"
INFO [12-30|11:57:57.131] Stopping work on payload                 id=0x03b574e790dbea28 reason=delivery
INFO [12-30|11:57:57.131] Imported new potential chain segment     number=15 hash=250fe8..a8ead2 blocks=1 txs=0 mgas=0.000 elapsed="225.417µs" mgasps=0.000 triediffs=26.67KiB triedirty=0.00B
INFO [12-30|11:57:57.131] Chain head was updated                   number=15 hash=250fe8..a8ead2 root=83ebfe..bbe49d elapsed="20.125µs"
INFO [12-30|11:57:58.133] Starting work on payload                 id=0x03433e02edcb61ad
INFO [12-30|11:57:58.133] Updated payload                          id=0x03433e02edcb61ad number=16 hash=958020..acbf03 txs=0 withdrawals=0 gas=0 fees=0 root=cf7f2c..8691d8 elapsed="112.5µs"
INFO [12-30|11:57:58.133] Stopping work on payload                 id=0x03433e02edcb61ad reason=delivery
INFO [12-30|11:57:58.133] Imported new potential chain segment     number=16 hash=958020..acbf03 blocks=1 txs=0 mgas=0.000 elapsed="287.043µs" mgasps=0.000 triediffs=29.43KiB triedirty=0.00B
INFO [12-30|11:57:58.133] Chain head was updated                   number=16 hash=958020..acbf03 root=cf7f2c..8691d8 elapsed="25.584µs"
INFO [12-30|11:57:59.135] Starting work on payload                 id=0x031f6f0d512d3200
INFO [12-30|11:57:59.135] Updated payload                          id=0x031f6f0d512d3200 number=17 hash=80bafa..2d13cf txs=0 withdrawals=0 gas=0 fees=0 root=225510..6d7039 elapsed="129.083µs"
INFO [12-30|11:57:59.135] Stopping work on payload                 id=0x031f6f0d512d3200 reason=delivery
INFO [12-30|11:57:59.135] Imported new potential chain segment     number=17 hash=80bafa..2d13cf blocks=1 txs=0 mgas=0.000 elapsed="210.668µs" mgasps=0.000 triediffs=32.01KiB triedirty=0.00B
INFO [12-30|11:57:59.135] Chain head was updated                   number=17 hash=80bafa..2d13cf root=225510..6d7039 elapsed="18.292µs"
INFO [12-30|11:58:00.137] Starting work on payload                 id=0x03fbb0e97813d38b
INFO [12-30|11:58:00.137] Updated payload                          id=0x03fbb0e97813d38b number=18 hash=fe1e65..bcf123 txs=0 withdrawals=0 gas=0 fees=0 root=eebfa2..885a23 elapsed="131.958µs"
INFO [12-30|11:58:00.137] Stopping work on payload                 id=0x03fbb0e97813d38b reason=delivery
INFO [12-30|11:58:00.137] Imported new potential chain segment     number=18 hash=fe1e65..bcf123 blocks=1 txs=0 mgas=0.000 elapsed="218.335µs" mgasps=0.000 triediffs=34.63KiB triedirty=0.00B
INFO [12-30|11:58:00.137] Chain head was updated                   number=18 hash=fe1e65..bcf123 root=eebfa2..885a23 elapsed="19.792µs"
INFO [12-30|11:58:01.139] Starting work on payload                 id=0x03f01836241350e4
INFO [12-30|11:58:01.139] Updated payload                          id=0x03f01836241350e4 number=19 hash=1ad93c..4fd824 txs=0 withdrawals=0 gas=0 fees=0 root=23d969..8dc99c elapsed="117.416µs"
INFO [12-30|11:58:01.139] Stopping work on payload                 id=0x03f01836241350e4 reason=delivery
INFO [12-30|11:58:01.139] Imported new potential chain segment     number=19 hash=1ad93c..4fd824 blocks=1 txs=0 mgas=0.000 elapsed="201.834µs" mgasps=0.000 triediffs=37.42KiB triedirty=0.00B
INFO [12-30|11:58:01.139] Chain head was updated                   number=19 hash=1ad93c..4fd824 root=23d969..8dc99c elapsed="17.583µs"
[0;34m[INFO][0m Shutting down Geth...
INFO [12-30|11:58:01.781] Got interrupt, shutting down...
INFO [12-30|11:58:01.782] HTTP server stopped                      endpoint=[::]:8545
INFO [12-30|11:58:01.782] HTTP server stopped                      endpoint=[::]:8546
INFO [12-30|11:58:01.782] IPC endpoint closed                      url=/Users/lucascullen/Github/bitcoinbrisbane/go-ethereum/dev-data/geth.ipc
INFO [12-30|11:58:01.782] Ethereum protocol stopped
INFO [12-30|11:58:01.782] Transaction pool stopped
INFO [12-30|11:58:01.788] Persisting dirty state                   head=19 root=23d969..8dc99c layers=19
INFO [12-30|11:58:01.830] Persisted dirty state to file            path=/Users/lucascullen/Github/bitcoinbrisbane/go-ethereum/dev-data/geth/triedb/merkle.journal size=44.88KiB elapsed=41.898ms
INFO [12-30|11:58:01.860] Blockchain stopped
