[0;34m[INFO][0m Starting Geth with EIP-8082 (Contract Event Subscription) support...

[0;34m[INFO][0m Configuration:
[0;34m[INFO][0m   - Chain ID: 1337
[0;34m[INFO][0m   - HTTP RPC: http://127.0.0.1:8545
[0;34m[INFO][0m   - WebSocket: ws://127.0.0.1:8546
[0;34m[INFO][0m   - Data Directory: ./dev-data
[0;34m[INFO][0m   - EIP-8082 Features:
[0;34m[INFO][0m     * SUBSCRIBE opcode (0xF8)
[0;34m[INFO][0m     * UNSUBSCRIBE opcode (0xF9)
[0;34m[INFO][0m     * NOTIFYSUBSCRIBERS opcode (0xFA)

[1;33m[WARNING][0m Data will persist in ./dev-data directory
[0;34m[INFO][0m Press Ctrl+C to stop the node

[0;32m[SUCCESS][0m Geth started successfully with PID: 88763
[0;34m[INFO][0m Node is ready for EIP-8082 contract deployment and testing
[0;34m[INFO][0m 
[0;34m[INFO][0m Useful commands:
[0;34m[INFO][0m   - Check accounts: eth.accounts
[0;34m[INFO][0m   - Get balance: web3.fromWei(eth.getBalance(eth.accounts[0]), 'ether')
[0;34m[INFO][0m   - Test EIP-8082: Deploy contracts using deploy-eip8082-contracts.sh

WARN [12-30|11:57:23.335] Unknown config environment variable      envvar=GETH_LOG
INFO [12-30|11:57:23.341] Maximum peer count                       ETH=0 total=0
WARN [12-30|11:57:23.342] Option --allow-insecure-unlock is deprecated and has no effect
WARN [12-30|11:57:23.343] The flag --mine is deprecated and will be removed
INFO [12-30|11:57:23.343] Enabling recording of key preimages since archive mode is used
WARN [12-30|11:57:23.343] Disabled transaction unindexing for archive node
INFO [12-30|11:57:23.344] Set global gas cap                       cap=50,000,000
INFO [12-30|11:57:23.384] Using developer account                  address=0x71562b71999873DB5b286dF957af199Ec94617F7
INFO [12-30|11:57:23.384] Using pebble as the backing database
INFO [12-30|11:57:23.384] Allocated cache and file handles         database=/Users/lucascullen/Github/bitcoinbrisbane/go-ethereum/dev-data/geth/chaindata cache=512.00MiB handles=5120
INFO [12-30|11:57:23.385] Opened ancient database                  database=/Users/lucascullen/Github/bitcoinbrisbane/go-ethereum/dev-data/geth/chaindata/ancient/chain readonly=true
INFO [12-30|11:57:23.385] Opened Era store                         datadir=/Users/lucascullen/Github/bitcoinbrisbane/go-ethereum/dev-data/geth/chaindata/ancient/chain/era
WARN [12-30|11:57:23.385] Setting network ID with command-line flag id=1337
INFO [12-30|11:57:23.385] Initializing the KZG library             backend=gokzg
INFO [12-30|11:57:23.386] Allocated trie memory caches             clean=154.00MiB dirty=256.00MiB
INFO [12-30|11:57:23.386] Using pebble as the backing database
INFO [12-30|11:57:23.386] Allocated cache and file handles         database=/Users/lucascullen/Github/bitcoinbrisbane/go-ethereum/dev-data/geth/chaindata cache=512.00MiB handles=5120
INFO [12-30|11:57:23.467] Opened ancient database                  database=/Users/lucascullen/Github/bitcoinbrisbane/go-ethereum/dev-data/geth/chaindata/ancient/chain readonly=false
INFO [12-30|11:57:23.467] Opened Era store                         datadir=/Users/lucascullen/Github/bitcoinbrisbane/go-ethereum/dev-data/geth/chaindata/ancient/chain/era
INFO [12-30|11:57:23.467] State scheme set to already existing     scheme=path
INFO [12-30|11:57:23.467] Initialising Ethereum protocol           network=1337 dbversion=9
INFO [12-30|11:57:23.467] Load database journal from file          path=/Users/lucascullen/Github/bitcoinbrisbane/go-ethereum/dev-data/geth/triedb/merkle.journal
INFO [12-30|11:57:23.472] Opened ancient database                  database=/Users/lucascullen/Github/bitcoinbrisbane/go-ethereum/dev-data/geth/chaindata/ancient/state readonly=false
INFO [12-30|11:57:23.472] Enabled state history indexing
INFO [12-30|11:57:23.472] Initialized path database                triecache=154.00MiB statecache=102.00MiB buffer=256.00MiB state-history="last 90000 blocks" index-history=true journal-dir=/Users/lucascullen/Github/bitcoinbrisbane/go-ethereum/dev-data/geth/triedb
INFO [12-30|11:57:23.472] Histories have been fully indexed        type=state last=1
INFO [12-30|11:57:23.472] 
INFO [12-30|11:57:23.472] ---------------------------------------------------------------------------------------------------------------------------------------------------------
INFO [12-30|11:57:23.473] Chain ID:  1337 (unknown)
INFO [12-30|11:57:23.473] Consensus: unknown
INFO [12-30|11:57:23.473] 
INFO [12-30|11:57:23.473] Pre-Merge hard forks (block based):
INFO [12-30|11:57:23.473]  - Homestead:                   #0       
INFO [12-30|11:57:23.473]  - Tangerine Whistle (EIP 150): #0       
INFO [12-30|11:57:23.473]  - Spurious Dragon/1 (EIP 155): #0       
INFO [12-30|11:57:23.473]  - Spurious Dragon/2 (EIP 158): #0       
INFO [12-30|11:57:23.473]  - Byzantium:                   #0       
INFO [12-30|11:57:23.473]  - Constantinople:              #0       
INFO [12-30|11:57:23.473]  - Petersburg:                  #0       
INFO [12-30|11:57:23.473]  - Istanbul:                    #0       
INFO [12-30|11:57:23.473]  - Muir Glacier:                #0       
INFO [12-30|11:57:23.473]  - Berlin:                      #0       
INFO [12-30|11:57:23.473]  - London:                      #0       
INFO [12-30|11:57:23.473]  - Arrow Glacier:               #0       
INFO [12-30|11:57:23.473]  - Gray Glacier:                #0       
INFO [12-30|11:57:23.473] 
INFO [12-30|11:57:23.473] Merge configured:
INFO [12-30|11:57:23.473]  - Total terminal difficulty:  0
INFO [12-30|11:57:23.473] 
INFO [12-30|11:57:23.473] Post-Merge hard forks (timestamp based):
INFO [12-30|11:57:23.473]  - Shanghai:                    @0         
INFO [12-30|11:57:23.473]  - Cancun:                      @0          blob: (target: 3, max: 6, fraction: 3338477)
INFO [12-30|11:57:23.473]  - Prague:                      @0          blob: (target: 6, max: 9, fraction: 5007716)
INFO [12-30|11:57:23.473]  - Osaka:                       @0          blob: (target: 6, max: 9, fraction: 5007716)
INFO [12-30|11:57:23.473] 
INFO [12-30|11:57:23.473] All fork specifications can be found at https://ethereum.github.io/execution-specs/src/ethereum/forks/
INFO [12-30|11:57:23.473] 
INFO [12-30|11:57:23.473] ---------------------------------------------------------------------------------------------------------------------------------------------------------
INFO [12-30|11:57:23.473] 
INFO [12-30|11:57:23.473] Loaded most recent local block           number=7 hash=140dce..b783c1 age=56s
INFO [12-30|11:57:23.473] Loaded most recent local finalized block number=0 hash=fa742c..504fec age=56y9mo3w
INFO [12-30|11:57:23.473] Initialized transaction indexer          range="entire chain"
INFO [12-30|11:57:23.473] Initialized log indexer                  firstblock=0 lastblock=7 firstmap=0 lastmap=0 headindexed=true
INFO [12-30|11:57:23.483] Enabled full-sync                        head=7 hash=140dce..b783c1
INFO [12-30|11:57:23.483] Gasprice oracle is ignoring threshold set threshold=2
INFO [12-30|11:57:23.483] Registered sync override service
WARN [12-30|11:57:23.483] You are running Geth in --dev mode. Please note the following:
WARN [12-30|11:57:23.483] 
WARN [12-30|11:57:23.483]   1. This mode is only intended for fast, iterative development without assumptions on
WARN [12-30|11:57:23.483]      security or persistence.
WARN [12-30|11:57:23.483]   2. The database is created in memory unless specified otherwise. Therefore, shutting down
WARN [12-30|11:57:23.483]      your computer or losing power will wipe your entire block data and chain state for
WARN [12-30|11:57:23.483]      your dev environment.
WARN [12-30|11:57:23.483]   3. A random, pre-allocated developer account will be available and unlocked as
WARN [12-30|11:57:23.483]      eth.coinbase, which can be used for testing. The random dev account is temporary,
WARN [12-30|11:57:23.483]      stored on a ramdisk, and will be lost if your machine is restarted.
WARN [12-30|11:57:23.483]   4. Mining is enabled by default. However, the client will only seal blocks if transactions
WARN [12-30|11:57:23.483]      are pending in the mempool. The miner's minimum accepted gas price is 1.
WARN [12-30|11:57:23.483]   5. Networking is disabled; there is no listen-address, the maximum number of peers is set
WARN [12-30|11:57:23.483]      to 0, and discovery is disabled.
WARN [12-30|11:57:23.483] 
INFO [12-30|11:57:23.483] Starting peer-to-peer node               instance=Geth/v1.16.8-unstable-ef967a2a-20251230/darwin-arm64/go1.25.5
WARN [12-30|11:57:23.483] P2P server will be useless, neither dialing nor listening
INFO [12-30|11:57:23.517] IPC endpoint opened                      url=/Users/lucascullen/Github/bitcoinbrisbane/go-ethereum/dev-data/geth.ipc
ERROR[12-30|11:57:23.517] Unavailable modules in HTTP API list     unavailable=[personal] available="[admin debug web3 eth txpool miner net dev]"
ERROR[12-30|11:57:23.517] Unavailable modules in HTTP API list     unavailable=[personal] available="[admin debug web3 eth txpool miner net dev]"
INFO [12-30|11:57:23.517] HTTP server started                      endpoint=[::]:8545 auth=false prefix= cors=* vhosts=*
INFO [12-30|11:57:23.517] WebSocket enabled                        url=ws://[::]:8546
INFO [12-30|11:57:23.517] Loaded local transaction journal         transactions=0 dropped=0
INFO [12-30|11:57:23.517] New local node record                    seq=1,767,059,759,637 id=387ada507609db26 ip=127.0.0.1 udp=0 tcp=0
INFO [12-30|11:57:23.517] Started P2P networking                   self=enode://ef2a824045860ec96872e9afcb0e6db6db4e20960391b06d31ab57cf6b94def3672b9c2a570485f2863241f48353700b3eadb919780a063a58b5f042c8f8c430@127.0.0.1:0
INFO [12-30|11:57:23.658] Started log indexer
INFO [12-30|11:57:23.659] Starting work on payload                 id=0x035e7c4c96fd5573
INFO [12-30|11:57:23.659] Updated payload                          id=0x035e7c4c96fd5573 number=8 hash=c31f47..c422da txs=0 withdrawals=0 gas=0 fees=0 root=67901d..4de380 elapsed="139.208µs"
INFO [12-30|11:57:23.659] Stopping work on payload                 id=0x035e7c4c96fd5573 reason=delivery
INFO [12-30|11:57:23.659] Imported new potential chain segment     number=8 hash=c31f47..c422da blocks=1 txs=0 mgas=0.000 elapsed="256.168µs" mgasps=0.000 triediffs=11.18KiB triedirty=0.00B
INFO [12-30|11:57:23.659] Chain head was updated                   number=8 hash=c31f47..c422da root=67901d..4de380 elapsed="25.708µs"
INFO [12-30|11:57:24.661] Starting work on payload                 id=0x03c0a2e8a8cb57f4
INFO [12-30|11:57:24.661] Updated payload                          id=0x03c0a2e8a8cb57f4 number=9 hash=dc4dac..b6225b txs=0 withdrawals=0 gas=0 fees=0 root=bbf450..56d207 elapsed="112.125µs"
INFO [12-30|11:57:24.661] Stopping work on payload                 id=0x03c0a2e8a8cb57f4 reason=delivery
INFO [12-30|11:57:24.661] Imported new potential chain segment     number=9 hash=dc4dac..b6225b blocks=1 txs=0 mgas=0.000 elapsed="208.584µs" mgasps=0.000 triediffs=13.71KiB triedirty=0.00B
INFO [12-30|11:57:24.661] Chain head was updated                   number=9 hash=dc4dac..b6225b root=bbf450..56d207 elapsed="23.334µs"
INFO [12-30|11:57:25.663] Starting work on payload                 id=0x03013883cf95fa6f
INFO [12-30|11:57:25.663] Updated payload                          id=0x03013883cf95fa6f number=10 hash=e7d99e..275ad2 txs=0 withdrawals=0 gas=0 fees=0 root=1baed5..c8b8bd elapsed="115.708µs"
INFO [12-30|11:57:25.663] Stopping work on payload                 id=0x03013883cf95fa6f reason=delivery
INFO [12-30|11:57:25.663] Imported new potential chain segment     number=10 hash=e7d99e..275ad2 blocks=1 txs=0 mgas=0.000 elapsed="281.376µs" mgasps=0.000 triediffs=16.10KiB triedirty=0.00B
INFO [12-30|11:57:25.663] Chain head was updated                   number=10 hash=e7d99e..275ad2 root=1baed5..c8b8bd elapsed="22.709µs"
[0;34m[INFO][0m Shutting down Geth...
INFO [12-30|11:57:26.334] Got interrupt, shutting down...
INFO [12-30|11:57:26.335] HTTP server stopped                      endpoint=[::]:8545
INFO [12-30|11:57:26.335] HTTP server stopped                      endpoint=[::]:8546
INFO [12-30|11:57:26.335] IPC endpoint closed                      url=/Users/lucascullen/Github/bitcoinbrisbane/go-ethereum/dev-data/geth.ipc
INFO [12-30|11:57:26.335] Ethereum protocol stopped
INFO [12-30|11:57:26.335] Transaction pool stopped
INFO [12-30|11:57:26.340] Persisting dirty state                   head=10 root=1baed5..c8b8bd layers=10
INFO [12-30|11:57:26.379] Persisted dirty state to file            path=/Users/lucascullen/Github/bitcoinbrisbane/go-ethereum/dev-data/geth/triedb/merkle.journal size=21.42KiB elapsed=39.557ms
INFO [12-30|11:57:26.413] Blockchain stopped
