[0;34m[INFO][0m Starting Geth with EIP-8082 (Contract Event Subscription) support...

[0;34m[INFO][0m Configuration:
[0;34m[INFO][0m   - Chain ID: 1337
[0;34m[INFO][0m   - HTTP RPC: http://127.0.0.1:8545
[0;34m[INFO][0m   - WebSocket: ws://127.0.0.1:8546
[0;34m[INFO][0m   - Data Directory: ./dev-data
[0;34m[INFO][0m   - EIP-8082 Features:
[0;34m[INFO][0m     * SUBSCRIBE opcode (0xF8)
[0;34m[INFO][0m     * UNSUBSCRIBE opcode (0xF9)
[0;34m[INFO][0m     * NOTIFYSUBSCRIBERS opcode (0xFA)

[1;33m[WARNING][0m Data will persist in ./dev-data directory
[0;34m[INFO][0m Press Ctrl+C to stop the node

[0;32m[SUCCESS][0m Geth started successfully with PID: 88559
[0;34m[INFO][0m Node is ready for EIP-8082 contract deployment and testing
[0;34m[INFO][0m 
[0;34m[INFO][0m Useful commands:
[0;34m[INFO][0m   - Check accounts: eth.accounts
[0;34m[INFO][0m   - Get balance: web3.fromWei(eth.getBalance(eth.accounts[0]), 'ether')
[0;34m[INFO][0m   - Test EIP-8082: Deploy contracts using deploy-eip8082-contracts.sh

WARN [12-30|11:56:16.858] Unknown config environment variable      envvar=GETH_LOG
INFO [12-30|11:56:16.865] Maximum peer count                       ETH=0 total=0
WARN [12-30|11:56:16.865] Option --allow-insecure-unlock is deprecated and has no effect
WARN [12-30|11:56:16.866] The flag --mine is deprecated and will be removed
INFO [12-30|11:56:16.867] Enabling recording of key preimages since archive mode is used
WARN [12-30|11:56:16.867] Disabled transaction unindexing for archive node
INFO [12-30|11:56:16.867] Set global gas cap                       cap=50,000,000
INFO [12-30|11:56:16.906] Using developer account                  address=0x71562b71999873DB5b286dF957af199Ec94617F7
INFO [12-30|11:56:16.906] Using pebble as the backing database
INFO [12-30|11:56:16.906] Allocated cache and file handles         database=/Users/lucascullen/Github/bitcoinbrisbane/go-ethereum/dev-data/geth/chaindata cache=512.00MiB handles=5120
INFO [12-30|11:56:16.916] Opened ancient database                  database=/Users/lucascullen/Github/bitcoinbrisbane/go-ethereum/dev-data/geth/chaindata/ancient/chain readonly=true
INFO [12-30|11:56:16.916] Opened Era store                         datadir=/Users/lucascullen/Github/bitcoinbrisbane/go-ethereum/dev-data/geth/chaindata/ancient/chain/era
WARN [12-30|11:56:16.917] Setting network ID with command-line flag id=1337
INFO [12-30|11:56:16.917] Initializing the KZG library             backend=gokzg
INFO [12-30|11:56:16.917] Allocated trie memory caches             clean=154.00MiB dirty=256.00MiB
INFO [12-30|11:56:16.917] Using pebble as the backing database
INFO [12-30|11:56:16.917] Allocated cache and file handles         database=/Users/lucascullen/Github/bitcoinbrisbane/go-ethereum/dev-data/geth/chaindata cache=512.00MiB handles=5120
INFO [12-30|11:56:17.061] Opened ancient database                  database=/Users/lucascullen/Github/bitcoinbrisbane/go-ethereum/dev-data/geth/chaindata/ancient/chain readonly=false
INFO [12-30|11:56:17.061] Opened Era store                         datadir=/Users/lucascullen/Github/bitcoinbrisbane/go-ethereum/dev-data/geth/chaindata/ancient/chain/era
INFO [12-30|11:56:17.061] State scheme set to already existing     scheme=path
INFO [12-30|11:56:17.061] Initialising Ethereum protocol           network=1337 dbversion=9
INFO [12-30|11:56:17.061] Load database journal from file          path=/Users/lucascullen/Github/bitcoinbrisbane/go-ethereum/dev-data/geth/triedb/merkle.journal
INFO [12-30|11:56:17.065] Opened ancient database                  database=/Users/lucascullen/Github/bitcoinbrisbane/go-ethereum/dev-data/geth/chaindata/ancient/state readonly=false
INFO [12-30|11:56:17.066] Enabled state history indexing
INFO [12-30|11:56:17.066] Initialized path database                triecache=154.00MiB statecache=102.00MiB buffer=256.00MiB state-history="last 90000 blocks" index-history=true journal-dir=/Users/lucascullen/Github/bitcoinbrisbane/go-ethereum/dev-data/geth/triedb
INFO [12-30|11:56:17.066] Histories have been fully indexed        type=state last=1
INFO [12-30|11:56:17.066] 
INFO [12-30|11:56:17.066] ---------------------------------------------------------------------------------------------------------------------------------------------------------
INFO [12-30|11:56:17.066] Chain ID:  1337 (unknown)
INFO [12-30|11:56:17.066] Consensus: unknown
INFO [12-30|11:56:17.066] 
INFO [12-30|11:56:17.066] Pre-Merge hard forks (block based):
INFO [12-30|11:56:17.066]  - Homestead:                   #0       
INFO [12-30|11:56:17.066]  - Tangerine Whistle (EIP 150): #0       
INFO [12-30|11:56:17.066]  - Spurious Dragon/1 (EIP 155): #0       
INFO [12-30|11:56:17.066]  - Spurious Dragon/2 (EIP 158): #0       
INFO [12-30|11:56:17.066]  - Byzantium:                   #0       
INFO [12-30|11:56:17.066]  - Constantinople:              #0       
INFO [12-30|11:56:17.066]  - Petersburg:                  #0       
INFO [12-30|11:56:17.066]  - Istanbul:                    #0       
INFO [12-30|11:56:17.066]  - Muir Glacier:                #0       
INFO [12-30|11:56:17.066]  - Berlin:                      #0       
INFO [12-30|11:56:17.066]  - London:                      #0       
INFO [12-30|11:56:17.066]  - Arrow Glacier:               #0       
INFO [12-30|11:56:17.066]  - Gray Glacier:                #0       
INFO [12-30|11:56:17.066] 
INFO [12-30|11:56:17.066] Merge configured:
INFO [12-30|11:56:17.066]  - Total terminal difficulty:  0
INFO [12-30|11:56:17.066] 
INFO [12-30|11:56:17.066] Post-Merge hard forks (timestamp based):
INFO [12-30|11:56:17.066]  - Shanghai:                    @0         
INFO [12-30|11:56:17.066]  - Cancun:                      @0          blob: (target: 3, max: 6, fraction: 3338477)
INFO [12-30|11:56:17.066]  - Prague:                      @0          blob: (target: 6, max: 9, fraction: 5007716)
INFO [12-30|11:56:17.066]  - Osaka:                       @0          blob: (target: 6, max: 9, fraction: 5007716)
INFO [12-30|11:56:17.066] 
INFO [12-30|11:56:17.066] All fork specifications can be found at https://ethereum.github.io/execution-specs/src/ethereum/forks/
INFO [12-30|11:56:17.066] 
INFO [12-30|11:56:17.066] ---------------------------------------------------------------------------------------------------------------------------------------------------------
INFO [12-30|11:56:17.066] 
INFO [12-30|11:56:17.066] Loaded most recent local block           number=1 hash=fed7dd..eb2942 age=18s
INFO [12-30|11:56:17.066] Loaded most recent local finalized block number=0 hash=fa742c..504fec age=56y9mo3w
INFO [12-30|11:56:17.066] Initialized transaction indexer          range="entire chain"
INFO [12-30|11:56:17.066] Initialized log indexer                  firstblock=0 lastblock=1 firstmap=0 lastmap=0 headindexed=true
INFO [12-30|11:56:17.075] Enabled full-sync                        head=1 hash=fed7dd..eb2942
INFO [12-30|11:56:17.075] Gasprice oracle is ignoring threshold set threshold=2
INFO [12-30|11:56:17.076] Registered sync override service
WARN [12-30|11:56:17.076] You are running Geth in --dev mode. Please note the following:
WARN [12-30|11:56:17.076] 
WARN [12-30|11:56:17.076]   1. This mode is only intended for fast, iterative development without assumptions on
WARN [12-30|11:56:17.076]      security or persistence.
WARN [12-30|11:56:17.076]   2. The database is created in memory unless specified otherwise. Therefore, shutting down
WARN [12-30|11:56:17.076]      your computer or losing power will wipe your entire block data and chain state for
WARN [12-30|11:56:17.076]      your dev environment.
WARN [12-30|11:56:17.076]   3. A random, pre-allocated developer account will be available and unlocked as
WARN [12-30|11:56:17.076]      eth.coinbase, which can be used for testing. The random dev account is temporary,
WARN [12-30|11:56:17.076]      stored on a ramdisk, and will be lost if your machine is restarted.
WARN [12-30|11:56:17.076]   4. Mining is enabled by default. However, the client will only seal blocks if transactions
WARN [12-30|11:56:17.076]      are pending in the mempool. The miner's minimum accepted gas price is 1.
WARN [12-30|11:56:17.076]   5. Networking is disabled; there is no listen-address, the maximum number of peers is set
WARN [12-30|11:56:17.076]      to 0, and discovery is disabled.
WARN [12-30|11:56:17.076] 
INFO [12-30|11:56:17.076] Starting peer-to-peer node               instance=Geth/v1.16.8-unstable-ef967a2a-20251230/darwin-arm64/go1.25.5
WARN [12-30|11:56:17.076] P2P server will be useless, neither dialing nor listening
INFO [12-30|11:56:17.106] IPC endpoint opened                      url=/Users/lucascullen/Github/bitcoinbrisbane/go-ethereum/dev-data/geth.ipc
ERROR[12-30|11:56:17.106] Unavailable modules in HTTP API list     unavailable=[personal] available="[admin debug web3 eth txpool miner net dev]"
ERROR[12-30|11:56:17.106] Unavailable modules in HTTP API list     unavailable=[personal] available="[admin debug web3 eth txpool miner net dev]"
INFO [12-30|11:56:17.106] HTTP server started                      endpoint=[::]:8545 auth=false prefix= cors=* vhosts=*
INFO [12-30|11:56:17.106] WebSocket enabled                        url=ws://[::]:8546
INFO [12-30|11:56:17.106] Loaded local transaction journal         transactions=0 dropped=0
INFO [12-30|11:56:17.106] New local node record                    seq=1,767,059,759,635 id=387ada507609db26 ip=127.0.0.1 udp=0 tcp=0
INFO [12-30|11:56:17.106] Started P2P networking                   self=enode://ef2a824045860ec96872e9afcb0e6db6db4e20960391b06d31ab57cf6b94def3672b9c2a570485f2863241f48353700b3eadb919780a063a58b5f042c8f8c430@127.0.0.1:0
INFO [12-30|11:56:17.237] Started log indexer
INFO [12-30|11:56:17.238] Starting work on payload                 id=0x03f00e869c3d625a
INFO [12-30|11:56:17.239] Updated payload                          id=0x03f00e869c3d625a number=2 hash=97036e..2a1ba7 txs=0 withdrawals=0 gas=0 fees=0 root=877993..8623e0 elapsed="131.417µs"
INFO [12-30|11:56:17.239] Stopping work on payload                 id=0x03f00e869c3d625a reason=delivery
INFO [12-30|11:56:17.239] Imported new potential chain segment     number=2 hash=97036e..2a1ba7 blocks=1 txs=0 mgas=0.000 elapsed="424.626µs" mgasps=0.000 triediffs=2.92KiB triedirty=0.00B
INFO [12-30|11:56:17.239] Chain head was updated                   number=2 hash=97036e..2a1ba7 root=877993..8623e0 elapsed="15.916µs"
INFO [12-30|11:56:18.240] Starting work on payload                 id=0x03e0c47e9164a697
INFO [12-30|11:56:18.240] Updated payload                          id=0x03e0c47e9164a697 number=3 hash=fe63db..fba1cd txs=0 withdrawals=0 gas=0 fees=0 root=fa1b79..ff4544 elapsed="119.583µs"
INFO [12-30|11:56:18.240] Stopping work on payload                 id=0x03e0c47e9164a697 reason=delivery
INFO [12-30|11:56:18.240] Imported new potential chain segment     number=3 hash=fe63db..fba1cd blocks=1 txs=0 mgas=0.000 elapsed="246.876µs" mgasps=0.000 triediffs=4.82KiB triedirty=0.00B
INFO [12-30|11:56:18.240] Chain head was updated                   number=3 hash=fe63db..fba1cd root=fa1b79..ff4544 elapsed="21.5µs"
INFO [12-30|11:56:19.242] Starting work on payload                 id=0x0330fdf7cb8a1843
INFO [12-30|11:56:19.242] Updated payload                          id=0x0330fdf7cb8a1843 number=4 hash=00252d..d663d3 txs=0 withdrawals=0 gas=0 fees=0 root=80e946..afc36c elapsed="127.709µs"
INFO [12-30|11:56:19.242] Stopping work on payload                 id=0x0330fdf7cb8a1843 reason=delivery
INFO [12-30|11:56:19.242] Imported new potential chain segment     number=4 hash=00252d..d663d3 blocks=1 txs=0 mgas=0.000 elapsed="213.21µs"  mgasps=0.000 triediffs=6.78KiB triedirty=0.00B
INFO [12-30|11:56:19.242] Chain head was updated                   number=4 hash=00252d..d663d3 root=80e946..afc36c elapsed="20.5µs"
[0;34m[INFO][0m Shutting down Geth...
INFO [12-30|11:56:19.841] Got interrupt, shutting down...
INFO [12-30|11:56:19.841] HTTP server stopped                      endpoint=[::]:8545
INFO [12-30|11:56:19.841] HTTP server stopped                      endpoint=[::]:8546
INFO [12-30|11:56:19.841] IPC endpoint closed                      url=/Users/lucascullen/Github/bitcoinbrisbane/go-ethereum/dev-data/geth.ipc
INFO [12-30|11:56:19.841] Ethereum protocol stopped
INFO [12-30|11:56:19.841] Transaction pool stopped
INFO [12-30|11:56:19.846] Persisting dirty state                   head=4 root=80e946..afc36c layers=4
INFO [12-30|11:56:19.888] Persisted dirty state to file            path=/Users/lucascullen/Github/bitcoinbrisbane/go-ethereum/dev-data/geth/triedb/merkle.journal size=7.72KiB elapsed=42.058ms
INFO [12-30|11:56:19.930] Blockchain stopped
