[0;34m[INFO][0m Starting Geth with EIP-8082 (Contract Event Subscription) support...

[0;34m[INFO][0m Configuration:
[0;34m[INFO][0m   - Chain ID: 1337
[0;34m[INFO][0m   - HTTP RPC: http://127.0.0.1:8545
[0;34m[INFO][0m   - WebSocket: ws://127.0.0.1:8546
[0;34m[INFO][0m   - Data Directory: ./dev-data
[0;34m[INFO][0m   - EIP-8082 Features:
[0;34m[INFO][0m     * SUBSCRIBE opcode (0xF8)
[0;34m[INFO][0m     * UNSUBSCRIBE opcode (0xF9)
[0;34m[INFO][0m     * NOTIFYSUBSCRIBERS opcode (0xFA)

[1;33m[WARNING][0m Data will persist in ./dev-data directory
[0;34m[INFO][0m Press Ctrl+C to stop the node

[0;32m[SUCCESS][0m Geth started successfully with PID: 88479
[0;34m[INFO][0m Node is ready for EIP-8082 contract deployment and testing
[0;34m[INFO][0m 
[0;34m[INFO][0m Useful commands:
[0;34m[INFO][0m   - Check accounts: eth.accounts
[0;34m[INFO][0m   - Get balance: web3.fromWei(eth.getBalance(eth.accounts[0]), 'ether')
[0;34m[INFO][0m   - Test EIP-8082: Deploy contracts using deploy-eip8082-contracts.sh

WARN [12-30|11:55:58.776] Unknown config environment variable      envvar=GETH_LOG
INFO [12-30|11:55:58.786] Maximum peer count                       ETH=0 total=0
WARN [12-30|11:55:58.786] Option --allow-insecure-unlock is deprecated and has no effect
WARN [12-30|11:55:58.788] The flag --mine is deprecated and will be removed
INFO [12-30|11:55:58.788] Enabling recording of key preimages since archive mode is used
WARN [12-30|11:55:58.788] Disabled transaction unindexing for archive node
INFO [12-30|11:55:58.789] Set global gas cap                       cap=50,000,000
INFO [12-30|11:55:58.905] Using developer account                  address=0x71562b71999873DB5b286dF957af199Ec94617F7
INFO [12-30|11:55:58.905] Defaulting to pebble as the backing database
INFO [12-30|11:55:58.905] Allocated cache and file handles         database=/Users/lucascullen/Github/bitcoinbrisbane/go-ethereum/dev-data/geth/chaindata cache=512.00MiB handles=5120
INFO [12-30|11:55:59.024] Opened ancient database                  database=/Users/lucascullen/Github/bitcoinbrisbane/go-ethereum/dev-data/geth/chaindata/ancient/chain readonly=false
INFO [12-30|11:55:59.024] Opened Era store                         datadir=/Users/lucascullen/Github/bitcoinbrisbane/go-ethereum/dev-data/geth/chaindata/ancient/chain/era
INFO [12-30|11:55:59.024] Freezer shutting down
WARN [12-30|11:55:59.077] Setting network ID with command-line flag id=1337
INFO [12-30|11:55:59.077] Initializing the KZG library             backend=gokzg
INFO [12-30|11:55:59.078] Allocated trie memory caches             clean=154.00MiB dirty=256.00MiB
INFO [12-30|11:55:59.078] Using pebble as the backing database
INFO [12-30|11:55:59.078] Allocated cache and file handles         database=/Users/lucascullen/Github/bitcoinbrisbane/go-ethereum/dev-data/geth/chaindata cache=512.00MiB handles=5120
INFO [12-30|11:55:59.124] Opened ancient database                  database=/Users/lucascullen/Github/bitcoinbrisbane/go-ethereum/dev-data/geth/chaindata/ancient/chain readonly=false
INFO [12-30|11:55:59.124] Opened Era store                         datadir=/Users/lucascullen/Github/bitcoinbrisbane/go-ethereum/dev-data/geth/chaindata/ancient/chain/era
INFO [12-30|11:55:59.124] State schema set to default              scheme=path
WARN [12-30|11:55:59.124] Head block is not reachable
INFO [12-30|11:55:59.125] Initialising Ethereum protocol           network=1337 dbversion=<nil>
INFO [12-30|11:55:59.125] Load database journal from disk
INFO [12-30|11:55:59.207] Opened ancient database                  database=/Users/lucascullen/Github/bitcoinbrisbane/go-ethereum/dev-data/geth/chaindata/ancient/state readonly=false
INFO [12-30|11:55:59.207] State snapshot generator is not found
INFO [12-30|11:55:59.207] Starting snapshot generation             root=56e81f..63b421 accounts=0 slots=0 storage=0.00B dangling=0 elapsed="6.5µs"
INFO [12-30|11:55:59.207] Resuming snapshot generation             root=56e81f..63b421 accounts=0 slots=0 storage=0.00B dangling=0 elapsed="88.458µs"
INFO [12-30|11:55:59.207] Generated snapshot                       accounts=0 slots=0 storage=0.00B dangling=0 elapsed="168µs"
INFO [12-30|11:55:59.207] Enabled state history indexing
INFO [12-30|11:55:59.207] Initialized path database                triecache=154.00MiB statecache=102.00MiB buffer=256.00MiB state-history="last 90000 blocks" index-history=true journal-dir=/Users/lucascullen/Github/bitcoinbrisbane/go-ethereum/dev-data/geth/triedb
INFO [12-30|11:55:59.207] Writing custom genesis block
INFO [12-30|11:55:59.208] Initialized history indexing flag        type=state
INFO [12-30|11:55:59.208] Histories have been fully indexed        type=state last=0
INFO [12-30|11:55:59.208] 
INFO [12-30|11:55:59.208] ---------------------------------------------------------------------------------------------------------------------------------------------------------
INFO [12-30|11:55:59.208] Chain ID:  1337 (unknown)
INFO [12-30|11:55:59.208] Consensus: unknown
INFO [12-30|11:55:59.208] 
INFO [12-30|11:55:59.208] Pre-Merge hard forks (block based):
INFO [12-30|11:55:59.208]  - Homestead:                   #0       
INFO [12-30|11:55:59.208]  - Tangerine Whistle (EIP 150): #0       
INFO [12-30|11:55:59.208]  - Spurious Dragon/1 (EIP 155): #0       
INFO [12-30|11:55:59.208]  - Spurious Dragon/2 (EIP 158): #0       
INFO [12-30|11:55:59.208]  - Byzantium:                   #0       
INFO [12-30|11:55:59.208]  - Constantinople:              #0       
INFO [12-30|11:55:59.208]  - Petersburg:                  #0       
INFO [12-30|11:55:59.208]  - Istanbul:                    #0       
INFO [12-30|11:55:59.208]  - Muir Glacier:                #0       
INFO [12-30|11:55:59.208]  - Berlin:                      #0       
INFO [12-30|11:55:59.209]  - London:                      #0       
INFO [12-30|11:55:59.209]  - Arrow Glacier:               #0       
INFO [12-30|11:55:59.209]  - Gray Glacier:                #0       
INFO [12-30|11:55:59.209] 
INFO [12-30|11:55:59.209] Merge configured:
INFO [12-30|11:55:59.209]  - Total terminal difficulty:  0
INFO [12-30|11:55:59.209] 
INFO [12-30|11:55:59.209] Post-Merge hard forks (timestamp based):
INFO [12-30|11:55:59.209]  - Shanghai:                    @0         
INFO [12-30|11:55:59.209]  - Cancun:                      @0          blob: (target: 3, max: 6, fraction: 3338477)
INFO [12-30|11:55:59.209]  - Prague:                      @0          blob: (target: 6, max: 9, fraction: 5007716)
INFO [12-30|11:55:59.209]  - Osaka:                       @0          blob: (target: 6, max: 9, fraction: 5007716)
INFO [12-30|11:55:59.209] 
INFO [12-30|11:55:59.209] All fork specifications can be found at https://ethereum.github.io/execution-specs/src/ethereum/forks/
INFO [12-30|11:55:59.209] 
INFO [12-30|11:55:59.209] ---------------------------------------------------------------------------------------------------------------------------------------------------------
INFO [12-30|11:55:59.209] 
INFO [12-30|11:55:59.209] Loaded most recent local block           number=0 hash=fa742c..504fec age=56y9mo3w
INFO [12-30|11:55:59.209] Initialized transaction indexer          range="entire chain"
INFO [12-30|11:55:59.613] Enabled full-sync                        head=0 hash=fa742c..504fec
INFO [12-30|11:55:59.613] Gasprice oracle is ignoring threshold set threshold=2
INFO [12-30|11:55:59.613] Registered sync override service
WARN [12-30|11:55:59.614] You are running Geth in --dev mode. Please note the following:
WARN [12-30|11:55:59.614] 
WARN [12-30|11:55:59.614]   1. This mode is only intended for fast, iterative development without assumptions on
WARN [12-30|11:55:59.614]      security or persistence.
WARN [12-30|11:55:59.614]   2. The database is created in memory unless specified otherwise. Therefore, shutting down
WARN [12-30|11:55:59.614]      your computer or losing power will wipe your entire block data and chain state for
WARN [12-30|11:55:59.614]      your dev environment.
WARN [12-30|11:55:59.614]   3. A random, pre-allocated developer account will be available and unlocked as
WARN [12-30|11:55:59.614]      eth.coinbase, which can be used for testing. The random dev account is temporary,
WARN [12-30|11:55:59.614]      stored on a ramdisk, and will be lost if your machine is restarted.
WARN [12-30|11:55:59.614]   4. Mining is enabled by default. However, the client will only seal blocks if transactions
WARN [12-30|11:55:59.614]      are pending in the mempool. The miner's minimum accepted gas price is 1.
WARN [12-30|11:55:59.614]   5. Networking is disabled; there is no listen-address, the maximum number of peers is set
WARN [12-30|11:55:59.614]      to 0, and discovery is disabled.
WARN [12-30|11:55:59.614] 
INFO [12-30|11:55:59.614] Starting peer-to-peer node               instance=Geth/v1.16.8-unstable-ef967a2a-20251230/darwin-arm64/go1.25.5
WARN [12-30|11:55:59.614] P2P server will be useless, neither dialing nor listening
INFO [12-30|11:55:59.635] IPC endpoint opened                      url=/Users/lucascullen/Github/bitcoinbrisbane/go-ethereum/dev-data/geth.ipc
ERROR[12-30|11:55:59.635] Unavailable modules in HTTP API list     unavailable=[personal] available="[admin debug web3 eth txpool miner net dev]"
INFO [12-30|11:55:59.635] New local node record                    seq=1,767,059,759,634 id=387ada507609db26 ip=127.0.0.1 udp=0 tcp=0
ERROR[12-30|11:55:59.635] Unavailable modules in HTTP API list     unavailable=[personal] available="[admin debug web3 eth txpool miner net dev]"
INFO [12-30|11:55:59.635] Started P2P networking                   self=enode://ef2a824045860ec96872e9afcb0e6db6db4e20960391b06d31ab57cf6b94def3672b9c2a570485f2863241f48353700b3eadb919780a063a58b5f042c8f8c430@127.0.0.1:0
INFO [12-30|11:55:59.635] HTTP server started                      endpoint=[::]:8545 auth=false prefix= cors=* vhosts=*
INFO [12-30|11:55:59.635] WebSocket enabled                        url=ws://[::]:8546
INFO [12-30|11:55:59.635] Started log indexer
INFO [12-30|11:55:59.637] Starting work on payload                 id=0x03b97c190372d48c
INFO [12-30|11:55:59.637] Updated payload                          id=0x03b97c190372d48c number=1 hash=fed7dd..eb2942 txs=0 withdrawals=0 gas=0 fees=0 root=d70b49..a0fc3e elapsed="105.083µs"
INFO [12-30|11:55:59.637] Stopping work on payload                 id=0x03b97c190372d48c reason=delivery
INFO [12-30|11:55:59.638] Imported new potential chain segment     number=1 hash=fed7dd..eb2942 blocks=1 txs=0 mgas=0.000 elapsed="554.71µs"  mgasps=0.000 triediffs=1.54KiB triedirty=0.00B
INFO [12-30|11:55:59.638] Chain head was updated                   number=1 hash=fed7dd..eb2942 root=d70b49..a0fc3e elapsed="20.25µs"
INFO [12-30|11:55:59.638] Indexed transactions                     blocks=2 txs=0 tail=0 elapsed="42.708µs"
Welcome to the Geth JavaScript console!

instance: Geth/v1.16.8-unstable-ef967a2a-20251230/darwin-arm64/go1.25.5
at block: 1 (Tue Dec 30 2025 11:55:59 GMT+1000 (AEST))
 datadir: /Users/lucascullen/Github/bitcoinbrisbane/go-ethereum/dev-data
 modules: admin:1.0 debug:1.0 dev:1.0 eth:1.0 miner:1.0 net:1.0 rpc:1.0 txpool:1.0 web3:1.0

To exit, press ctrl-d or type exit
> 
INFO [12-30|11:55:59.668] HTTP server stopped                      endpoint=[::]:8545
INFO [12-30|11:55:59.668] HTTP server stopped                      endpoint=[::]:8546
INFO [12-30|11:55:59.672] IPC endpoint closed                      url=/Users/lucascullen/Github/bitcoinbrisbane/go-ethereum/dev-data/geth.ipc
INFO [12-30|11:55:59.672] Ethereum protocol stopped
INFO [12-30|11:55:59.769] Transaction pool stopped
INFO [12-30|11:55:59.774] Persisting dirty state                   head=1 root=d70b49..a0fc3e layers=1
INFO [12-30|11:55:59.812] Persisted dirty state to file            path=/Users/lucascullen/Github/bitcoinbrisbane/go-ethereum/dev-data/geth/triedb/merkle.journal size=1.73KiB elapsed=38.800ms
INFO [12-30|11:55:59.841] Blockchain stopped
